[build-sticker-candidates] pass=1 sticker=SL-01-012 step=search processed=1 downloaded=0
[build-sticker-candidates] pass=1 sticker=SL-01-012 step=execute
[build-sticker-candidates] pass=1 sticker=SL-01-012 step=evaluate
[build-sticker-candidates] pass=1 sticker=SL-01-012 step=preflight
[build-sticker-candidates] pass=1 sticker=SL-01-012 step=download
[build-sticker-candidates] pass=1 sticker=SL-01-012 step=crop
[build-sticker-candidates] pass=1 sticker=SL-01-012 done downloaded_total=0 download_batch=0
[build-sticker-candidates] pass=1 sticker=SL-04-005 step=search processed=2 downloaded=0
[build-sticker-candidates] pass=1 sticker=SL-04-005 step=execute
[build-sticker-candidates] pass=1 sticker=SL-04-005 step=evaluate
[build-sticker-candidates] pass=1 sticker=SL-04-005 step=preflight
[build-sticker-candidates] pass=1 sticker=SL-04-005 step=download
[build-sticker-candidates] pass=1 sticker=SL-04-005 step=crop
[build-sticker-candidates] pass=1 sticker=SL-04-005 done downloaded_total=0 download_batch=0
[build-sticker-candidates] pass=1 sticker=SL-02-010 step=search processed=3 downloaded=0
[build-sticker-candidates] pass=1 sticker=SL-02-010 step=execute
[build-sticker-candidates] pass=1 sticker=SL-02-010 step=evaluate
[build-sticker-candidates] pass=1 sticker=SL-02-010 step=preflight
[build-sticker-candidates] pass=1 sticker=SL-02-010 step=download
[build-sticker-candidates] pass=1 sticker=SL-02-010 step=crop
[build-sticker-candidates] pass=1 sticker=SL-02-010 done downloaded_total=0 download_batch=0
[build-sticker-candidates] pass=1 sticker=SL-07-031 step=search processed=4 downloaded=0
[build-sticker-candidates] pass=1 sticker=SL-07-031 step=execute
[build-sticker-candidates] pass=1 sticker=SL-07-031 step=evaluate
[build-sticker-candidates] pass=1 sticker=SL-07-031 step=preflight
[build-sticker-candidates] pass=1 sticker=SL-07-031 step=download
[build-sticker-candidates] pass=1 sticker=SL-07-031 step=crop
[build-sticker-candidates] pass=1 sticker=SL-07-031 done downloaded_total=0 download_batch=0
[build-sticker-candidates] pass=1 sticker=SL-16-007 step=search processed=5 downloaded=0
[build-sticker-candidates] pass=1 sticker=SL-16-007 step=execute
[build-sticker-candidates] pass=1 sticker=SL-16-007 step=evaluate
[build-sticker-candidates] pass=1 sticker=SL-16-007 step=preflight
[build-sticker-candidates] pass=1 sticker=SL-16-007 step=download
[build-sticker-candidates] pass=1 sticker=SL-16-007 step=crop
[build-sticker-candidates] pass=1 sticker=SL-16-007 done downloaded_total=0 download_batch=0
[build-sticker-candidates] pass=1 sticker=SL-09-017 step=search processed=6 downloaded=0
[build-sticker-candidates] pass=1 sticker=SL-09-017 step=execute
[build-sticker-candidates] pass=1 sticker=SL-09-017 step=evaluate
[build-sticker-candidates] pass=1 sticker=SL-09-017 step=preflight
[build-sticker-candidates] pass=1 sticker=SL-09-017 step=download
[build-sticker-candidates] pass=1 sticker=SL-09-017 step=crop
[build-sticker-candidates] pass=1 sticker=SL-09-017 done downloaded_total=0 download_batch=0
[build-sticker-candidates] pass=1 sticker=SL-08-005 step=search processed=7 downloaded=0
[build-sticker-candidates] pass=1 sticker=SL-08-005 step=execute
[build-sticker-candidates] pass=1 sticker=SL-08-005 step=evaluate
[build-sticker-candidates] pass=1 sticker=SL-08-005 step=preflight
[build-sticker-candidates] pass=1 sticker=SL-08-005 step=download
[build-sticker-candidates] pass=1 sticker=SL-08-005 step=crop
[build-sticker-candidates] pass=1 sticker=SL-08-005 done downloaded_total=0 download_batch=0
[build-sticker-candidates] pass=1 sticker=SL-12-005 step=search processed=8 downloaded=0
[build-sticker-candidates] pass=1 sticker=SL-12-005 step=execute
[build-sticker-candidates] pass=1 sticker=SL-12-005 step=evaluate
[build-sticker-candidates] pass=1 sticker=SL-12-005 step=preflight
[build-sticker-candidates] pass=1 sticker=SL-12-005 step=download
[build-sticker-candidates] pass=1 sticker=SL-12-005 step=crop
[build-sticker-candidates] pass=1 sticker=SL-12-005 done downloaded_total=0 download_batch=0
[build-sticker-candidates] pass=1 sticker=SL-13-001 step=search processed=9 downloaded=0
[build-sticker-candidates] pass=1 sticker=SL-13-001 step=execute
[build-sticker-candidates] pass=1 sticker=SL-13-001 step=evaluate
[build-sticker-candidates] pass=1 sticker=SL-13-001 step=preflight
[build-sticker-candidates] pass=1 sticker=SL-13-001 step=download
[build-sticker-candidates] pass=1 sticker=SL-13-001 step=crop
[build-sticker-candidates] pass=1 sticker=SL-13-001 done downloaded_total=0 download_batch=0
[build-sticker-candidates] pass=1 sticker=SL-03-007 step=search processed=10 downloaded=0
[build-sticker-candidates] pass=1 sticker=SL-03-007 step=execute
[build-sticker-candidates] pass=1 sticker=SL-03-007 step=evaluate
[build-sticker-candidates] pass=1 sticker=SL-03-007 step=preflight
[build-sticker-candidates] pass=1 sticker=SL-03-007 step=download
[build-sticker-candidates] pass=1 sticker=SL-03-007 step=crop
[build-sticker-candidates] pass=1 sticker=SL-03-007 done downloaded_total=0 download_batch=0
[build-sticker-candidates] pass=1 sticker=SL-03-001 step=search processed=11 downloaded=0
[build-sticker-candidates] pass=1 sticker=SL-03-001 step=execute
[build-sticker-candidates] pass=1 sticker=SL-03-001 step=evaluate
[build-sticker-candidates] pass=1 sticker=SL-03-001 step=preflight
[build-sticker-candidates] pass=1 sticker=SL-03-001 step=download
[build-sticker-candidates] pass=1 sticker=SL-03-001 step=crop
[build-sticker-candidates] pass=1 sticker=SL-03-001 done downloaded_total=0 download_batch=0
[build-sticker-candidates] pass=1 sticker=SL-10-014 step=search processed=12 downloaded=0
[build-sticker-candidates] pass=1 sticker=SL-10-014 step=execute
[build-sticker-candidates] pass=1 sticker=SL-10-014 step=evaluate
[build-sticker-candidates] pass=1 sticker=SL-10-014 step=preflight
[build-sticker-candidates] pass=1 sticker=SL-10-014 step=download
[build-sticker-candidates] pass=1 sticker=SL-10-014 step=crop
[build-sticker-candidates] pass=1 sticker=SL-10-014 done downloaded_total=0 download_batch=0
[build-sticker-candidates] pass=2 sticker=SL-04-005 step=search processed=13 downloaded=0
[build-sticker-candidates] pass=2 sticker=SL-04-005 step=execute
[build-sticker-candidates] pass=2 sticker=SL-04-005 step=evaluate
[build-sticker-candidates] pass=2 sticker=SL-04-005 step=preflight
[build-sticker-candidates] pass=2 sticker=SL-04-005 step=download
[build-sticker-candidates] pass=2 sticker=SL-04-005 step=crop
[build-sticker-candidates] pass=2 sticker=SL-04-005 done downloaded_total=0 download_batch=0
[build-sticker-candidates] pass=2 sticker=SL-09-016 step=search processed=14 downloaded=0
[build-sticker-candidates] pass=2 sticker=SL-09-016 step=execute
[build-sticker-candidates] pass=2 sticker=SL-09-016 step=evaluate
[build-sticker-candidates] pass=2 sticker=SL-09-016 step=preflight
[build-sticker-candidates] pass=2 sticker=SL-09-016 step=download
[build-sticker-candidates] pass=2 sticker=SL-09-016 step=crop
[build-sticker-candidates] pass=2 sticker=SL-09-016 done downloaded_total=0 download_batch=0
[build-sticker-candidates] pass=2 sticker=SL-13-010 step=search processed=15 downloaded=0
[build-sticker-candidates] pass=2 sticker=SL-13-010 step=execute
[build-sticker-candidates] pass=2 sticker=SL-13-010 step=evaluate
[build-sticker-candidates] pass=2 sticker=SL-13-010 step=preflight
[build-sticker-candidates] pass=2 sticker=SL-13-010 step=download
[build-sticker-candidates] pass=2 sticker=SL-13-010 step=crop
[build-sticker-candidates] pass=2 sticker=SL-13-010 done downloaded_total=0 download_batch=0
[build-sticker-candidates] pass=2 sticker=SL-13-034 step=search processed=16 downloaded=0
[build-sticker-candidates] pass=2 sticker=SL-13-034 step=execute
[build-sticker-candidates] pass=2 sticker=SL-13-034 step=evaluate
[build-sticker-candidates] pass=2 sticker=SL-13-034 step=preflight
[build-sticker-candidates] pass=2 sticker=SL-13-034 step=download
[build-sticker-candidates] pass=2 sticker=SL-13-034 step=crop
[build-sticker-candidates] pass=2 sticker=SL-13-034 done downloaded_total=0 download_batch=0
[build-sticker-candidates] pass=2 sticker=SL-01-007 step=search processed=17 downloaded=0
[build-sticker-candidates] pass=2 sticker=SL-01-007 step=execute
[build-sticker-candidates] pass=2 sticker=SL-01-007 step=evaluate
[build-sticker-candidates] pass=2 sticker=SL-01-007 step=preflight
[build-sticker-candidates] pass=2 sticker=SL-01-007 step=download
[build-sticker-candidates] pass=2 sticker=SL-01-007 step=crop
[build-sticker-candidates] pass=2 sticker=SL-01-007 done downloaded_total=0 download_batch=0
[build-sticker-candidates] pass=2 sticker=SL-09-002 step=search processed=18 downloaded=0
[build-sticker-candidates] pass=2 sticker=SL-09-002 step=execute
[build-sticker-candidates] pass=2 sticker=SL-09-002 step=evaluate
[build-sticker-candidates] pass=2 sticker=SL-09-002 step=preflight
[build-sticker-candidates] pass=2 sticker=SL-09-002 step=download
[build-sticker-candidates] pass=2 sticker=SL-09-002 step=crop
[build-sticker-candidates] pass=2 sticker=SL-09-002 done downloaded_total=0 download_batch=0
[build-sticker-candidates] pass=2 sticker=SL-03-015 step=search processed=19 downloaded=0
[build-sticker-candidates] pass=2 sticker=SL-03-015 step=execute
[build-sticker-candidates] pass=2 sticker=SL-03-015 step=evaluate
[build-sticker-candidates] pass=2 sticker=SL-03-015 step=preflight
[build-sticker-candidates] pass=2 sticker=SL-03-015 step=download
[build-sticker-candidates] pass=2 sticker=SL-03-015 step=crop
[build-sticker-candidates] pass=2 sticker=SL-03-015 done downloaded_total=0 download_batch=0
[build-sticker-candidates] pass=2 sticker=SL-03-033 step=search processed=20 downloaded=0
[build-sticker-candidates] pass=2 sticker=SL-03-033 step=execute
[build-sticker-candidates] pass=2 sticker=SL-03-033 step=evaluate
[build-sticker-candidates] pass=2 sticker=SL-03-033 step=preflight
[build-sticker-candidates] pass=2 sticker=SL-03-033 step=download
[build-sticker-candidates] pass=2 sticker=SL-03-033 step=crop
[build-sticker-candidates] pass=2 sticker=SL-03-033 done downloaded_total=0 download_batch=0
[build-sticker-candidates] pass=2 sticker=SL-10-001 step=search processed=21 downloaded=0
[build-sticker-candidates] pass=2 sticker=SL-10-001 step=execute
[build-sticker-candidates] pass=2 sticker=SL-10-001 step=evaluate
[build-sticker-candidates] pass=2 sticker=SL-10-001 step=preflight
[build-sticker-candidates] pass=2 sticker=SL-10-001 step=download
[build-sticker-candidates] pass=2 sticker=SL-10-001 step=crop
[build-sticker-candidates] pass=2 sticker=SL-10-001 done downloaded_total=0 download_batch=0
[build-sticker-candidates] pass=2 sticker=SL-11-003 step=search processed=22 downloaded=0
[build-sticker-candidates] pass=2 sticker=SL-11-003 step=execute
[build-sticker-candidates] pass=2 sticker=SL-11-003 step=evaluate
[build-sticker-candidates] pass=2 sticker=SL-11-003 step=preflight
[build-sticker-candidates] pass=2 sticker=SL-11-003 step=download
[build-sticker-candidates] pass=2 sticker=SL-11-003 step=crop
[build-sticker-candidates] pass=2 sticker=SL-11-003 done downloaded_total=0 download_batch=0
[build-sticker-candidates] pass=2 sticker=SL-11-007 step=search processed=23 downloaded=0
[build-sticker-candidates] pass=2 sticker=SL-11-007 step=execute
[build-sticker-candidates] pass=2 sticker=SL-11-007 step=evaluate
[build-sticker-candidates] pass=2 sticker=SL-11-007 step=preflight
[build-sticker-candidates] pass=2 sticker=SL-11-007 step=download
[build-sticker-candidates] pass=2 sticker=SL-11-007 step=crop
[build-sticker-candidates] pass=2 sticker=SL-11-007 done downloaded_total=0 download_batch=0
[build-sticker-candidates] pass=2 sticker=SL-06-009 step=search processed=24 downloaded=0
[build-sticker-candidates] pass=2 sticker=SL-06-009 step=execute
[build-sticker-candidates] pass=2 sticker=SL-06-009 step=evaluate
[build-sticker-candidates] pass=2 sticker=SL-06-009 step=preflight
[build-sticker-candidates] pass=2 sticker=SL-06-009 step=download
[build-sticker-candidates] pass=2 sticker=SL-06-009 step=crop
[build-sticker-candidates] pass=2 sticker=SL-06-009 done downloaded_total=0 download_batch=0
[build-sticker-candidates] warning=no_download_progress_after_full_passes passes_completed=2 downloaded_total=0
Build sticker candidates complete.
- Stickers selected: 568
- Stickers processed: 24
- Passes completed: 2
- Images downloaded: 0
- Requested count: 10
- Execute routes candidates: 0
- Evaluate kept_found: 0
- Preflight checked: 28
- Downloaded: 0
- Cropped: 0
- Manifest: C:\album_sticker_factory\output\stickers_manifest.csv
Warning: flujo automatico termina en carpetas de stickers; review manual queda externa.
