[build-sticker-candidates] pass=1 sticker=SL-01-002 step=search processed=1 downloaded=0
[build-sticker-candidates] pass=1 sticker=SL-01-002 step=execute
[build-sticker-candidates] pass=1 sticker=SL-01-002 step=evaluate
[build-sticker-candidates] pass=1 sticker=SL-01-002 step=preflight
[build-sticker-candidates] pass=1 sticker=SL-01-002 step=download
[build-sticker-candidates] pass=1 sticker=SL-01-002 step=crop
[build-sticker-candidates] pass=1 sticker=SL-01-002 done downloaded_total=0 download_batch=0
[build-sticker-candidates] pass=1 sticker=SL-01-003 step=search processed=2 downloaded=0
[build-sticker-candidates] pass=1 sticker=SL-01-003 step=execute
[build-sticker-candidates] pass=1 sticker=SL-01-003 step=evaluate
[build-sticker-candidates] pass=1 sticker=SL-01-003 step=preflight
[build-sticker-candidates] pass=1 sticker=SL-01-003 step=download
[build-sticker-candidates] pass=1 sticker=SL-01-003 step=crop
[build-sticker-candidates] pass=1 sticker=SL-01-003 done downloaded_total=0 download_batch=0
[build-sticker-candidates] pass=1 sticker=SL-01-004 step=search processed=3 downloaded=0
[build-sticker-candidates] pass=1 sticker=SL-01-004 step=execute
[build-sticker-candidates] pass=1 sticker=SL-01-004 step=evaluate
[build-sticker-candidates] pass=1 sticker=SL-01-004 step=preflight
[build-sticker-candidates] pass=1 sticker=SL-01-004 step=download
[build-sticker-candidates] pass=1 sticker=SL-01-004 step=crop
[build-sticker-candidates] pass=1 sticker=SL-01-004 done downloaded_total=0 download_batch=0
[build-sticker-candidates] pass=1 sticker=SL-01-005 step=search processed=4 downloaded=0
[build-sticker-candidates] pass=1 sticker=SL-01-005 step=execute
[build-sticker-candidates] pass=1 sticker=SL-01-005 step=evaluate
[build-sticker-candidates] pass=1 sticker=SL-01-005 step=preflight
[build-sticker-candidates] pass=1 sticker=SL-01-005 step=download
[build-sticker-candidates] pass=1 sticker=SL-01-005 step=crop
[build-sticker-candidates] pass=1 sticker=SL-01-005 done downloaded_total=0 download_batch=0
[build-sticker-candidates] pass=1 sticker=SL-01-006 step=search processed=5 downloaded=0
[build-sticker-candidates] pass=1 sticker=SL-01-006 step=execute
[build-sticker-candidates] pass=1 sticker=SL-01-006 step=evaluate
[build-sticker-candidates] pass=1 sticker=SL-01-006 step=preflight
[build-sticker-candidates] pass=1 sticker=SL-01-006 step=download
[build-sticker-candidates] pass=1 sticker=SL-01-006 step=crop
[build-sticker-candidates] pass=1 sticker=SL-01-006 done downloaded_total=0 download_batch=0
[build-sticker-candidates] pass=1 sticker=SL-01-007 step=search processed=6 downloaded=0
[build-sticker-candidates] pass=1 sticker=SL-01-007 step=execute
[build-sticker-candidates] pass=1 sticker=SL-01-007 step=evaluate
[build-sticker-candidates] pass=1 sticker=SL-01-007 step=preflight
[build-sticker-candidates] pass=1 sticker=SL-01-007 step=download
[build-sticker-candidates] pass=1 sticker=SL-01-007 step=crop
[build-sticker-candidates] pass=1 sticker=SL-01-007 done downloaded_total=0 download_batch=0
[build-sticker-candidates] pass=1 sticker=SL-01-008 step=search processed=7 downloaded=0
[build-sticker-candidates] pass=1 sticker=SL-01-008 step=execute
[build-sticker-candidates] pass=1 sticker=SL-01-008 step=evaluate
[build-sticker-candidates] pass=1 sticker=SL-01-008 step=preflight
[build-sticker-candidates] pass=1 sticker=SL-01-008 step=download
[build-sticker-candidates] pass=1 sticker=SL-01-008 step=crop
[build-sticker-candidates] pass=1 sticker=SL-01-008 done downloaded_total=0 download_batch=0
[build-sticker-candidates] pass=1 sticker=SL-01-009 step=search processed=8 downloaded=0
[build-sticker-candidates] pass=1 sticker=SL-01-009 step=execute
[build-sticker-candidates] pass=1 sticker=SL-01-009 step=evaluate
[build-sticker-candidates] pass=1 sticker=SL-01-009 step=preflight
[build-sticker-candidates] pass=1 sticker=SL-01-009 step=download
[build-sticker-candidates] pass=1 sticker=SL-01-009 step=crop
[build-sticker-candidates] pass=1 sticker=SL-01-009 done downloaded_total=0 download_batch=0
[build-sticker-candidates] pass=1 sticker=SL-01-010 step=search processed=9 downloaded=0
[build-sticker-candidates] pass=1 sticker=SL-01-010 step=execute
[build-sticker-candidates] pass=1 sticker=SL-01-010 step=evaluate
[build-sticker-candidates] pass=1 sticker=SL-01-010 step=preflight
[build-sticker-candidates] pass=1 sticker=SL-01-010 step=download
[build-sticker-candidates] pass=1 sticker=SL-01-010 step=crop
[build-sticker-candidates] pass=1 sticker=SL-01-010 done downloaded_total=0 download_batch=0
[build-sticker-candidates] pass=1 sticker=SL-01-011 step=search processed=10 downloaded=0
[build-sticker-candidates] pass=1 sticker=SL-01-011 step=execute
[build-sticker-candidates] pass=1 sticker=SL-01-011 step=evaluate
[build-sticker-candidates] pass=1 sticker=SL-01-011 step=preflight
[build-sticker-candidates] pass=1 sticker=SL-01-011 step=download
[build-sticker-candidates] pass=1 sticker=SL-01-011 step=crop
[build-sticker-candidates] pass=1 sticker=SL-01-011 done downloaded_total=0 download_batch=0
[build-sticker-candidates] pass=1 sticker=SL-01-012 step=search processed=11 downloaded=0
[build-sticker-candidates] pass=1 sticker=SL-01-012 step=execute
[build-sticker-candidates] pass=1 sticker=SL-01-012 step=evaluate
[build-sticker-candidates] pass=1 sticker=SL-01-012 step=preflight
[build-sticker-candidates] pass=1 sticker=SL-01-012 step=download
[build-sticker-candidates] pass=1 sticker=SL-01-012 step=crop
[build-sticker-candidates] pass=1 sticker=SL-01-012 done downloaded_total=0 download_batch=0
[build-sticker-candidates] pass=1 sticker=SL-01-014 step=search processed=12 downloaded=0
[build-sticker-candidates] pass=1 sticker=SL-01-014 step=execute
[build-sticker-candidates] pass=1 sticker=SL-01-014 step=evaluate
[build-sticker-candidates] pass=1 sticker=SL-01-014 step=preflight
[build-sticker-candidates] pass=1 sticker=SL-01-014 step=download
[build-sticker-candidates] pass=1 sticker=SL-01-014 step=crop
[build-sticker-candidates] pass=1 sticker=SL-01-014 done downloaded_total=0 download_batch=0
[build-sticker-candidates] pass=1 sticker=SL-01-015 step=search processed=13 downloaded=0
[build-sticker-candidates] pass=1 sticker=SL-01-015 step=execute
[build-sticker-candidates] pass=1 sticker=SL-01-015 step=evaluate
[build-sticker-candidates] pass=1 sticker=SL-01-015 step=preflight
[build-sticker-candidates] pass=1 sticker=SL-01-015 step=download
[build-sticker-candidates] pass=1 sticker=SL-01-015 step=crop
[build-sticker-candidates] pass=1 sticker=SL-01-015 done downloaded_total=0 download_batch=0
[build-sticker-candidates] pass=1 sticker=SL-01-016 step=search processed=14 downloaded=0
[build-sticker-candidates] pass=1 sticker=SL-01-016 step=execute
[build-sticker-candidates] pass=1 sticker=SL-01-016 step=evaluate
[build-sticker-candidates] pass=1 sticker=SL-01-016 step=preflight
[build-sticker-candidates] pass=1 sticker=SL-01-016 step=download
[build-sticker-candidates] pass=1 sticker=SL-01-016 step=crop
[build-sticker-candidates] pass=1 sticker=SL-01-016 done downloaded_total=0 download_batch=0
[build-sticker-candidates] pass=1 sticker=SL-01-017 step=search processed=15 downloaded=0
[build-sticker-candidates] pass=1 sticker=SL-01-017 step=execute
[build-sticker-candidates] pass=1 sticker=SL-01-017 step=evaluate
[build-sticker-candidates] pass=1 sticker=SL-01-017 step=preflight
[build-sticker-candidates] pass=1 sticker=SL-01-017 step=download
[build-sticker-candidates] pass=1 sticker=SL-01-017 step=crop
[build-sticker-candidates] pass=1 sticker=SL-01-017 done downloaded_total=0 download_batch=0
[build-sticker-candidates] pass=1 sticker=SL-01-018 step=search processed=16 downloaded=0
[build-sticker-candidates] pass=1 sticker=SL-01-018 step=execute
[build-sticker-candidates] pass=1 sticker=SL-01-018 step=evaluate
[build-sticker-candidates] pass=1 sticker=SL-01-018 step=preflight
[build-sticker-candidates] pass=1 sticker=SL-01-018 step=download
[build-sticker-candidates] pass=1 sticker=SL-01-018 step=crop
[build-sticker-candidates] pass=1 sticker=SL-01-018 done downloaded_total=0 download_batch=0
[build-sticker-candidates] pass=1 sticker=SL-01-019 step=search processed=17 downloaded=0
[build-sticker-candidates] pass=1 sticker=SL-01-019 step=execute
[build-sticker-candidates] pass=1 sticker=SL-01-019 step=evaluate
[build-sticker-candidates] pass=1 sticker=SL-01-019 step=preflight
[build-sticker-candidates] pass=1 sticker=SL-01-019 step=download
[build-sticker-candidates] pass=1 sticker=SL-01-019 step=crop
[build-sticker-candidates] pass=1 sticker=SL-01-019 done downloaded_total=0 download_batch=0
[build-sticker-candidates] pass=1 sticker=SL-01-020 step=search processed=18 downloaded=0
[build-sticker-candidates] pass=1 sticker=SL-01-020 step=execute
[build-sticker-candidates] pass=1 sticker=SL-01-020 step=evaluate
[build-sticker-candidates] pass=1 sticker=SL-01-020 step=preflight
[build-sticker-candidates] pass=1 sticker=SL-01-020 step=download
[build-sticker-candidates] pass=1 sticker=SL-01-020 step=crop
[build-sticker-candidates] pass=1 sticker=SL-01-020 done downloaded_total=0 download_batch=0
[build-sticker-candidates] pass=1 sticker=SL-01-021 step=search processed=19 downloaded=0
[build-sticker-candidates] pass=1 sticker=SL-01-021 step=execute
[build-sticker-candidates] pass=1 sticker=SL-01-021 step=evaluate
[build-sticker-candidates] pass=1 sticker=SL-01-021 step=preflight
[build-sticker-candidates] pass=1 sticker=SL-01-021 step=download
[build-sticker-candidates] pass=1 sticker=SL-01-021 step=crop
[build-sticker-candidates] pass=1 sticker=SL-01-021 done downloaded_total=0 download_batch=0
[build-sticker-candidates] pass=1 sticker=SL-01-022 step=search processed=20 downloaded=0
[build-sticker-candidates] pass=1 sticker=SL-01-022 step=execute
[build-sticker-candidates] pass=1 sticker=SL-01-022 step=evaluate
[build-sticker-candidates] pass=1 sticker=SL-01-022 step=preflight
[build-sticker-candidates] pass=1 sticker=SL-01-022 step=download
[build-sticker-candidates] pass=1 sticker=SL-01-022 step=crop
[build-sticker-candidates] pass=1 sticker=SL-01-022 done downloaded_total=0 download_batch=0
[build-sticker-candidates] pass=1 sticker=SL-01-023 step=search processed=21 downloaded=0
[build-sticker-candidates] pass=1 sticker=SL-01-023 step=execute
[build-sticker-candidates] pass=1 sticker=SL-01-023 step=evaluate
[build-sticker-candidates] pass=1 sticker=SL-01-023 step=preflight
[build-sticker-candidates] pass=1 sticker=SL-01-023 step=download
[build-sticker-candidates] pass=1 sticker=SL-01-023 step=crop
[build-sticker-candidates] pass=1 sticker=SL-01-023 done downloaded_total=0 download_batch=0
[build-sticker-candidates] pass=1 sticker=SL-01-024 step=search processed=22 downloaded=0
[build-sticker-candidates] pass=1 sticker=SL-01-024 step=execute
[build-sticker-candidates] pass=1 sticker=SL-01-024 step=evaluate
[build-sticker-candidates] pass=1 sticker=SL-01-024 step=preflight
[build-sticker-candidates] pass=1 sticker=SL-01-024 step=download
[build-sticker-candidates] pass=1 sticker=SL-01-024 step=crop
[build-sticker-candidates] pass=1 sticker=SL-01-024 done downloaded_total=0 download_batch=0
[build-sticker-candidates] pass=1 sticker=SL-01-025 step=search processed=23 downloaded=0
[build-sticker-candidates] pass=1 sticker=SL-01-025 step=execute
